True
[ True  True  True  True  True  True  True  True  True  True]
[ True  True  True  True  True  True  True  True  True  True]
True
True
True

b'somebuffer' b'somebuffer'
True
